test.log2022-27 18:50:12	log in Information
2022-27 18:50:14	log in Information
2022-27 18:50:16	log in Information
2022-27 18:52:08	log in Information
2022-27 18:52:10	log in Information
2022-27 18:53:28	log in Information
2022-27 18:53:29	log in Information
2022-27 18:53:30	log in Information
2022-27 18:53:30	log in Information
2022-27 18:53:30	log in Information
2022-04-27 18:54:02	The third login setance
2022-04-27 18:55:13	The third login setance
2022-04-27 18:55:26	The third login setance
2022-04-27 18:55:52	The third login setance
2022-04-27 18:57:38	The 4 login setance
2022-04-27 18:57:58	The 5 login setance
2022-04-27 19:05:43	The 5 login setance
2022-04-27 19:06:10	The 5 login setance
2022-04-27 19:06:39	The 5 login setance
2022-04-27 19:15:03	The 5 login setance
